------------------------------------------------------------
Timing Analyzer Summary
------------------------------------------------------------

Type  : Slow 1200mV 85C Model Setup 'm4_dotclk'
Slack : -4.173
TNS   : -645.966

Type  : Slow 1200mV 85C Model Setup 'inst|altpll_component|auto_generated|pll1|clk[0]'
Slack : 13.506
TNS   : 0.000

Type  : Slow 1200mV 85C Model Hold 'm4_dotclk'
Slack : 0.432
TNS   : 0.000

Type  : Slow 1200mV 85C Model Hold 'inst|altpll_component|auto_generated|pll1|clk[0]'
Slack : 0.465
TNS   : 0.000

Type  : Slow 1200mV 85C Model Minimum Pulse Width 'm4_dotclk'
Slack : -3.201
TNS   : -375.793

Type  : Slow 1200mV 85C Model Minimum Pulse Width 'external_clock'
Slack : 9.858
TNS   : 0.000

Type  : Slow 1200mV 85C Model Minimum Pulse Width 'inst|altpll_component|auto_generated|pll1|clk[0]'
Slack : 19.582
TNS   : 0.000

Type  : Slow 1200mV 0C Model Setup 'm4_dotclk'
Slack : -3.809
TNS   : -584.668

Type  : Slow 1200mV 0C Model Setup 'inst|altpll_component|auto_generated|pll1|clk[0]'
Slack : 13.849
TNS   : 0.000

Type  : Slow 1200mV 0C Model Hold 'm4_dotclk'
Slack : 0.381
TNS   : 0.000

Type  : Slow 1200mV 0C Model Hold 'inst|altpll_component|auto_generated|pll1|clk[0]'
Slack : 0.417
TNS   : 0.000

Type  : Slow 1200mV 0C Model Minimum Pulse Width 'm4_dotclk'
Slack : -3.201
TNS   : -375.793

Type  : Slow 1200mV 0C Model Minimum Pulse Width 'external_clock'
Slack : 9.855
TNS   : 0.000

Type  : Slow 1200mV 0C Model Minimum Pulse Width 'inst|altpll_component|auto_generated|pll1|clk[0]'
Slack : 19.583
TNS   : 0.000

Type  : Fast 1200mV 0C Model Setup 'm4_dotclk'
Slack : -1.240
TNS   : -175.126

Type  : Fast 1200mV 0C Model Setup 'inst|altpll_component|auto_generated|pll1|clk[0]'
Slack : 16.914
TNS   : 0.000

Type  : Fast 1200mV 0C Model Hold 'm4_dotclk'
Slack : 0.154
TNS   : 0.000

Type  : Fast 1200mV 0C Model Hold 'inst|altpll_component|auto_generated|pll1|clk[0]'
Slack : 0.193
TNS   : 0.000

Type  : Fast 1200mV 0C Model Minimum Pulse Width 'm4_dotclk'
Slack : -3.000
TNS   : -275.753

Type  : Fast 1200mV 0C Model Minimum Pulse Width 'external_clock'
Slack : 9.423
TNS   : 0.000

Type  : Fast 1200mV 0C Model Minimum Pulse Width 'inst|altpll_component|auto_generated|pll1|clk[0]'
Slack : 19.606
TNS   : 0.000

------------------------------------------------------------
